// Jest Snapshot v1, https://goo.gl/fbAQLP

exports[`Render component renders correctly 1`] = `
<View
  accessibilityState={
    Object {
      "disabled": false,
    }
  }
  accessible={true}
  collapsable={false}
  focusable={false}
  nativeID="animatedComponent"
  onClick={[Function]}
  onResponderGrant={[Function]}
  onResponderMove={[Function]}
  onResponderRelease={[Function]}
  onResponderTerminate={[Function]}
  onResponderTerminationRequest={[Function]}
  onStartShouldSetResponder={[Function]}
  style={
    Object {
      "alignItems": "center",
      "backgroundColor": "white",
      "borderRadius": 10,
      "elevation": 2,
      "flexDirection": "row",
      "justifyContent": "flex-start",
      "opacity": 1,
      "padding": 10,
      "shadowColor": "#353535",
      "shadowOffset": Object {
        "height": 4,
        "width": 0,
      },
      "shadowOpacity": 0.2,
      "shadowRadius": 2,
      "width": "100%",
    }
  }
>
  <View
    accessibilityState={
      Object {
        "disabled": true,
      }
    }
    accessible={true}
    collapsable={false}
    focusable={false}
    nativeID="animatedComponent"
    onClick={[Function]}
    onResponderGrant={[Function]}
    onResponderMove={[Function]}
    onResponderRelease={[Function]}
    onResponderTerminate={[Function]}
    onResponderTerminationRequest={[Function]}
    onStartShouldSetResponder={[Function]}
    style={
      Object {
        "alignItems": "center",
        "flexDirection": "row",
        "opacity": 1,
        "width": "100%",
      }
    }
  >
    <Image
      source={
        Object {
          "uri": "https://loremflickr.com/160/120/food",
        }
      }
      style={
        Object {
          "borderRadius": 10,
          "height": 60,
          "marginRight": 15,
          "width": 60,
        }
      }
    />
    <View>
      <Text
        ellipsizeMode="tail"
        numberOfLines={1}
        style={
          Object {
            "color": "black",
            "fontSize": 18,
            "marginBottom": 5,
          }
        }
      >
        test
      </Text>
      <Text
        ellipsizeMode="tail"
        numberOfLines={1}
        style={
          Object {
            "color": "black",
            "fontSize": 18,
            "fontWeight": "bold",
          }
        }
      >
        R$ 
        100,00
      </Text>
    </View>
  </View>
</View>
`;
