// Jest Snapshot v1, https://goo.gl/fbAQLP

exports[`renders correctly 1`] = `
Array [
  " ",
  <RCTSafeAreaView
    emulateUnlessSupported={true}
  >
    <View
      style={
        Object {
          "padding": 15,
          "width": "100%",
        }
      }
    >
      <RCTScrollView
        collapsable={false}
        data={Array []}
        getItem={[Function]}
        getItemCount={[Function]}
        keyExtractor={[Function]}
        onContentSizeChange={[Function]}
        onGestureHandlerEvent={[Function]}
        onGestureHandlerStateChange={[Function]}
        onLayout={[Function]}
        onMomentumScrollBegin={[Function]}
        onMomentumScrollEnd={[Function]}
        onScroll={[Function]}
        onScrollBeginDrag={[Function]}
        onScrollEndDrag={[Function]}
        refreshControl={
          <RefreshControlMock
            onRefresh={[Function]}
            refreshing={false}
          />
        }
        removeClippedSubviews={false}
        renderItem={[Function]}
        renderScrollComponent={[Function]}
        scrollEventThrottle={50}
        stickyHeaderIndices={Array []}
        viewabilityConfigCallbackPairs={Array []}
      >
        <RCTRefreshControl />
        <View />
      </RCTScrollView>
      <ActivityIndicator
        size="large"
        testID="loading"
      />
      <Modal
        animationType="fade"
        hardwareAccelerated={false}
        onPress={[Function]}
        onPressSecondButton={[Function]}
        testID="InfoModal"
        text="Deseja continuar comprando ou ir para o carrinho?"
        textButton="CARRINHO"
        textSecondButton="CONTINUAR COMPRA"
        title="Atenção!"
        transparent={true}
        visible={false}
      >
        <View
          style={
            Object {
              "alignItems": "center",
              "flex": 1,
              "justifyContent": "center",
            }
          }
        >
          <View
            style={
              Object {
                "alignItems": "center",
                "backgroundColor": "#353535",
                "flexDirection": "column",
                "height": "100%",
                "justifyContent": "center",
                "opacity": 0.8,
                "position": "absolute",
                "width": "100%",
              }
            }
          />
          <View
            style={
              Object {
                "paddingHorizontal": 40,
                "width": "100%",
              }
            }
          >
            <View
              style={
                Object {
                  "backgroundColor": "white",
                  "borderRadius": 10,
                  "padding": 24,
                  "paddingTop": 32,
                  "width": "100%",
                }
              }
            >
              <Text
                style={
                  Object {
                    "color": "black",
                    "fontSize": 20,
                    "fontWeight": "bold",
                    "lineHeight": 19.6,
                    "marginBottom": 24,
                  }
                }
              >
                Atenção!
              </Text>
              <Text
                style={
                  Object {
                    "color": "black",
                    "fontSize": 16,
                    "letterSpacing": 0.15,
                    "lineHeight": 24,
                    "marginBottom": 24,
                    "textAlign": "left",
                  }
                }
              >
                Deseja continuar comprando ou ir para o carrinho?
              </Text>
              <View
                style={
                  Object {
                    "width": "100%",
                  }
                }
              >
                <View
                  accessible={true}
                  focusable={true}
                  onClick={[Function]}
                  onResponderGrant={[Function]}
                  onResponderMove={[Function]}
                  onResponderRelease={[Function]}
                  onResponderTerminate={[Function]}
                  onResponderTerminationRequest={[Function]}
                  onStartShouldSetResponder={[Function]}
                  style={
                    Object {
                      "alignItems": "center",
                      "backgroundColor": "#0086ff",
                      "borderRadius": 10,
                      "height": 56,
                      "justifyContent": "center",
                      "marginBottom": 15,
                      "opacity": 1,
                      "padding": 10,
                      "width": "100%",
                    }
                  }
                >
                  <Text
                    style={
                      Object {
                        "color": "white",
                        "fontSize": 16,
                        "fontWeight": "bold",
                      }
                    }
                  >
                    CARRINHO
                  </Text>
                </View>
                <View
                  accessible={true}
                  focusable={true}
                  onClick={[Function]}
                  onResponderGrant={[Function]}
                  onResponderMove={[Function]}
                  onResponderRelease={[Function]}
                  onResponderTerminate={[Function]}
                  onResponderTerminationRequest={[Function]}
                  onStartShouldSetResponder={[Function]}
                  style={
                    Object {
                      "alignItems": "center",
                      "backgroundColor": "white",
                      "borderColor": "#0086ff",
                      "borderRadius": 10,
                      "borderWidth": 1.5,
                      "height": 56,
                      "justifyContent": "center",
                      "opacity": 1,
                      "padding": 10,
                      "width": "100%",
                    }
                  }
                >
                  <Text
                    style={
                      Object {
                        "color": "#0086ff",
                        "fontSize": 16,
                        "fontWeight": "bold",
                      }
                    }
                  >
                    CONTINUAR COMPRA
                  </Text>
                </View>
              </View>
            </View>
          </View>
        </View>
      </Modal>
    </View>
  </RCTSafeAreaView>,
  " ",
]
`;
